[INFO] Error stacktraces are turned on.
[INFO] Scanning for projects...
[INFO] 
[INFO] ---------------------< com.equinor.neqsim:neqsim >----------------------
[INFO] Building NeqSim 3.7.0
[INFO]   from pom.xml
[INFO] --------------------------------[ jar ]---------------------------------
[INFO] 
[INFO] --- enforcer:3.6.2:enforce (enforce-maven) @ neqsim ---
[INFO] Rule 0: org.apache.maven.enforcer.rules.version.RequireMavenVersion passed
[INFO] 
[INFO] --- jacoco:0.8.14:prepare-agent (prepare-agent) @ neqsim ---
[INFO] argLine set to -javaagent:C:\\Users\\ESOL\\.m2\\repository\\org\\jacoco\\org.jacoco.agent\\0.8.14\\org.jacoco.agent-0.8.14-runtime.jar=destfile=C:\\Users\\ESOL\\Documents\\GitHub\\neqsim2\\target\\jacoco.exec,excludes=neqsim/physicalproperties/util/parameterfitting/**/*:neqsim/statistics/util/parameterfitting/**/*:neqsim/pvtsimulation/util/parameterfitting/**/*
[INFO] 
[INFO] --- resources:3.3.1:resources (default-resources) @ neqsim ---
[INFO] Copying 83 resources from src\main\resources to target\classes
[INFO] 
[INFO] --- flatten:1.7.3:flatten (flatten) @ neqsim ---
[INFO] Generating flattened POM of project com.equinor.neqsim:neqsim:jar:3.7.0...
[INFO] 
[INFO] --- compiler:3.15.0:compile (default-compile) @ neqsim ---
[INFO] Nothing to compile - all classes are up to date.
[INFO] 
[INFO] --- resources:3.3.1:testResources (default-testResources) @ neqsim ---
[INFO] Copying 62 resources from src\test\resources to target\test-classes
[INFO] 
[INFO] --- compiler:3.15.0:testCompile (default-testCompile) @ neqsim ---
[INFO] Recompiling the module because of changed source code.
[INFO] Compiling 1070 source files with javac [debug release 11] to target\test-classes
[INFO] /C:/Users/ESOL/Documents/GitHub/neqsim2/src/test/java/neqsim/DocExamplesCompilationTest.java: Some input files use or override a deprecated API.
[INFO] /C:/Users/ESOL/Documents/GitHub/neqsim2/src/test/java/neqsim/DocExamplesCompilationTest.java: Recompile with -Xlint:deprecation for details.
[INFO] /C:/Users/ESOL/Documents/GitHub/neqsim2/src/test/java/neqsim/process/safety/risk/condition/ConditionBasedReliabilityTest.java: C:\Users\ESOL\Documents\GitHub\neqsim2\src\test\java\neqsim\process\safety\risk\condition\ConditionBasedReliabilityTest.java uses unchecked or unsafe operations.
[INFO] /C:/Users/ESOL/Documents/GitHub/neqsim2/src/test/java/neqsim/process/safety/risk/condition/ConditionBasedReliabilityTest.java: Recompile with -Xlint:unchecked for details.
[INFO] 
[INFO] --- surefire:3.5.5:test (default-test) @ neqsim ---
[INFO] Surefire report directory: C:\Users\ESOL\Documents\GitHub\neqsim2\target\surefire-reports
[INFO] Using auto detected provider org.apache.maven.surefire.junitplatform.JUnitPlatformProvider
[INFO] 
[INFO] -------------------------------------------------------
[INFO]  T E S T S
[INFO] -------------------------------------------------------
[INFO] Running neqsim.fluidmechanics.flowsystem.twophaseflowsystem.twophasepipeflowsystem.NonEquilibriumPipeFlowTest
[ERROR] Tests run: 1, Failures: 0, Errors: 1, Skipped: 0, Time elapsed: 10.73 s <<< FAILURE! -- in neqsim.fluidmechanics.flowsystem.twophaseflowsystem.twophasepipeflowsystem.NonEquilibriumPipeFlowTest
[ERROR] neqsim.fluidmechanics.flowsystem.twophaseflowsystem.twophasepipeflowsystem.NonEquilibriumPipeFlowTest.testMethaneFullyDissolvesIntoNDecaneBubbleFlow -- Time elapsed: 10.52 s <<< ERROR!
java.lang.RuntimeException: neqsim.util.exception.IsNaNException: PhaseSrkEos:molarVolumeAnalytical - Variable compressibility factor is NaN
	at neqsim.thermo.phase.PhaseEos.init(PhaseEos.java:119)
	at neqsim.thermo.system.SystemThermo.initAnalytic(SystemThermo.java:3681)
	at neqsim.thermo.system.SystemThermo.init(SystemThermo.java:3624)
	at neqsim.fluidmechanics.flowsolver.twophaseflowsolver.twophasepipeflowsolver.TwoPhaseFixedStaggeredGridSolver.initProfiles(TwoPhaseFixedStaggeredGridSolver.java:334)
	at neqsim.fluidmechanics.flowsolver.twophaseflowsolver.twophasepipeflowsolver.TwoPhaseFixedStaggeredGridSolver.solveTDMA(TwoPhaseFixedStaggeredGridSolver.java:1789)
	at neqsim.fluidmechanics.flowsystem.twophaseflowsystem.twophasepipeflowsystem.TwoPhasePipeFlowSystem.solveSteadyState(TwoPhasePipeFlowSystem.java:518)
	at neqsim.fluidmechanics.flowsystem.twophaseflowsystem.twophasepipeflowsystem.TwoPhasePipeFlowSystem.solveSteadyState(TwoPhasePipeFlowSystem.java:613)
	at neqsim.fluidmechanics.flowsystem.twophaseflowsystem.twophasepipeflowsystem.NonEquilibriumPipeFlowTest.testMethaneFullyDissolvesIntoNDecaneBubbleFlow(NonEquilibriumPipeFlowTest.java:1106)
	at java.base/java.lang.reflect.Method.invoke(Method.java:565)
	at java.base/java.util.ArrayList.forEach(ArrayList.java:1604)
	at java.base/java.util.ArrayList.forEach(ArrayList.java:1604)
Caused by: neqsim.util.exception.IsNaNException: PhaseSrkEos:molarVolumeAnalytical - Variable compressibility factor is NaN
	at neqsim.thermo.phase.PhaseEos.molarVolumeAnalytical(PhaseEos.java:354)
	at neqsim.thermo.phase.PhaseEos.molarVolume(PhaseEos.java:488)
	at neqsim.thermo.phase.PhaseEos.init(PhaseEos.java:114)
	... 10 more

[INFO] 
[INFO] Results:
[INFO] 
[ERROR] Errors: 
[ERROR]   NonEquilibriumPipeFlowTest.testMethaneFullyDissolvesIntoNDecaneBubbleFlow:1106 ╗ Runtime neqsim.util.exception.IsNaNException: PhaseSrkEos:molarVolumeAnalytical - Variable compressibility factor is NaN
[INFO] 
[ERROR] Tests run: 1, Failures: 0, Errors: 1, Skipped: 0
[INFO] 
[INFO] ------------------------------------------------------------------------
[INFO] BUILD FAILURE
[INFO] ------------------------------------------------------------------------
[INFO] Total time:  01:54 min
[INFO] Finished at: 2026-04-17T19:44:09+02:00
[INFO] ------------------------------------------------------------------------
[ERROR] Failed to execute goal org.apache.maven.plugins:maven-surefire-plugin:3.5.5:test (default-test) on project neqsim: 
[ERROR] 
[ERROR] See C:\Users\ESOL\Documents\GitHub\neqsim2\target\surefire-reports for the individual test results.
[ERROR] See dump files (if any exist) [date].dump, [date]-jvmRun[N].dump and [date].dumpstream.
[ERROR] -> [Help 1]
org.apache.maven.lifecycle.LifecycleExecutionException: Failed to execute goal org.apache.maven.plugins:maven-surefire-plugin:3.5.5:test (default-test) on project neqsim: 

See C:\Users\ESOL\Documents\GitHub\neqsim2\target\surefire-reports for the individual test results.
See dump files (if any exist) [date].dump, [date]-jvmRun[N].dump and [date].dumpstream.
    at org.apache.maven.lifecycle.internal.MojoExecutor.doExecute2 (MojoExecutor.java:333)
    at org.apache.maven.lifecycle.internal.MojoExecutor.doExecute (MojoExecutor.java:316)
    at org.apache.maven.lifecycle.internal.MojoExecutor.execute (MojoExecutor.java:212)
    at org.apache.maven.lifecycle.internal.MojoExecutor.execute (MojoExecutor.java:174)
    at org.apache.maven.lifecycle.internal.MojoExecutor.access$000 (MojoExecutor.java:75)
    at org.apache.maven.lifecycle.internal.MojoExecutor$1.run (MojoExecutor.java:162)
    at org.apache.maven.plugin.DefaultMojosExecutionStrategy.execute (DefaultMojosExecutionStrategy.java:39)
    at org.apache.maven.lifecycle.internal.MojoExecutor.execute (MojoExecutor.java:159)
    at org.apache.maven.lifecycle.internal.LifecycleModuleBuilder.buildProject (LifecycleModuleBuilder.java:105)
    at org.apache.maven.lifecycle.internal.LifecycleModuleBuilder.buildProject (LifecycleModuleBuilder.java:73)
    at org.apache.maven.lifecycle.internal.builder.singlethreaded.SingleThreadedBuilder.build (SingleThreadedBuilder.java:53)
    at org.apache.maven.lifecycle.internal.LifecycleStarter.execute (LifecycleStarter.java:118)
    at org.apache.maven.DefaultMaven.doExecute (DefaultMaven.java:261)
    at org.apache.maven.DefaultMaven.doExecute (DefaultMaven.java:173)
    at org.apache.maven.DefaultMaven.execute (DefaultMaven.java:101)
    at org.apache.maven.cli.MavenCli.execute (MavenCli.java:919)
    at org.apache.maven.cli.MavenCli.doMain (MavenCli.java:285)
    at org.apache.maven.cli.MavenCli.main (MavenCli.java:207)
    at jdk.internal.reflect.DirectMethodHandleAccessor.invoke (DirectMethodHandleAccessor.java:104)
    at java.lang.reflect.Method.invoke (Method.java:565)
    at org.codehaus.plexus.classworlds.launcher.Launcher.launchEnhanced (Launcher.java:255)
    at org.codehaus.plexus.classworlds.launcher.Launcher.launch (Launcher.java:201)
    at org.codehaus.plexus.classworlds.launcher.Launcher.mainWithExitCode (Launcher.java:361)
    at org.codehaus.plexus.classworlds.launcher.Launcher.main (Launcher.java:314)
Caused by: org.apache.maven.plugin.MojoFailureException: 

See C:\Users\ESOL\Documents\GitHub\neqsim2\target\surefire-reports for the individual test results.
See dump files (if any exist) [date].dump, [date]-jvmRun[N].dump and [date].dumpstream.
    at org.apache.maven.plugin.surefire.SurefireHelper.throwException (SurefireHelper.java:247)
    at org.apache.maven.plugin.surefire.SurefireHelper.reportExecution (SurefireHelper.java:159)
    at org.apache.maven.plugin.surefire.SurefireMojo.handleSummary (SurefireMojo.java:556)
    at org.apache.maven.plugin.surefire.AbstractSurefireMojo.executeAfterPreconditionsChecked (AbstractSurefireMojo.java:1157)
    at org.apache.maven.plugin.surefire.AbstractSurefireMojo.execute (AbstractSurefireMojo.java:979)
    at org.apache.maven.plugin.DefaultBuildPluginManager.executeMojo (DefaultBuildPluginManager.java:126)
    at org.apache.maven.lifecycle.internal.MojoExecutor.doExecute2 (MojoExecutor.java:328)
    at org.apache.maven.lifecycle.internal.MojoExecutor.doExecute (MojoExecutor.java:316)
    at org.apache.maven.lifecycle.internal.MojoExecutor.execute (MojoExecutor.java:212)
    at org.apache.maven.lifecycle.internal.MojoExecutor.execute (MojoExecutor.java:174)
    at org.apache.maven.lifecycle.internal.MojoExecutor.access$000 (MojoExecutor.java:75)
    at org.apache.maven.lifecycle.internal.MojoExecutor$1.run (MojoExecutor.java:162)
    at org.apache.maven.plugin.DefaultMojosExecutionStrategy.execute (DefaultMojosExecutionStrategy.java:39)
    at org.apache.maven.lifecycle.internal.MojoExecutor.execute (MojoExecutor.java:159)
    at org.apache.maven.lifecycle.internal.LifecycleModuleBuilder.buildProject (LifecycleModuleBuilder.java:105)
    at org.apache.maven.lifecycle.internal.LifecycleModuleBuilder.buildProject (LifecycleModuleBuilder.java:73)
    at org.apache.maven.lifecycle.internal.builder.singlethreaded.SingleThreadedBuilder.build (SingleThreadedBuilder.java:53)
    at org.apache.maven.lifecycle.internal.LifecycleStarter.execute (LifecycleStarter.java:118)
    at org.apache.maven.DefaultMaven.doExecute (DefaultMaven.java:261)
    at org.apache.maven.DefaultMaven.doExecute (DefaultMaven.java:173)
    at org.apache.maven.DefaultMaven.execute (DefaultMaven.java:101)
    at org.apache.maven.cli.MavenCli.execute (MavenCli.java:919)
    at org.apache.maven.cli.MavenCli.doMain (MavenCli.java:285)
    at org.apache.maven.cli.MavenCli.main (MavenCli.java:207)
    at jdk.internal.reflect.DirectMethodHandleAccessor.invoke (DirectMethodHandleAccessor.java:104)
    at java.lang.reflect.Method.invoke (Method.java:565)
    at org.codehaus.plexus.classworlds.launcher.Launcher.launchEnhanced (Launcher.java:255)
    at org.codehaus.plexus.classworlds.launcher.Launcher.launch (Launcher.java:201)
    at org.codehaus.plexus.classworlds.launcher.Launcher.mainWithExitCode (Launcher.java:361)
    at org.codehaus.plexus.classworlds.launcher.Launcher.main (Launcher.java:314)
[ERROR] 
[ERROR] Re-run Maven using the -X switch to enable full debug logging.
[ERROR] 
[ERROR] For more information about the errors and possible solutions, please read the following articles:
[ERROR] [Help 1] http://cwiki.apache.org/confluence/display/MAVEN/MojoFailureException
